components/DocumentSpace/DocumentSpace.test.tsx(163,51): error TS2339: Property 'disabled' does not exist on type 'HTMLElement'.
components/ExecutionProgress/__tests__/ExecutionProgressPanel.test.tsx(488,21): error TS2339: Property 'focus' does not exist on type 'Element'.
components/MappingEditor/MappingEditor.test.tsx(11,9): error TS2741: Property 'primarySheet' is missing in type '{ explanation: string; filterCondition: null; mappings: ({ placeholder: string; excelColumn: string; } | { placeholder: string; excelColumn: string; transform: string; })[]; unmappedPlaceholders: string[]; }' but required in type 'MappingScheme'.
components/QueryVisualizer/QueryVisualizer.test.tsx(510,11): error TS2367: This comparison appears to be unintentional because the types '"webview"' and '"a"' have no overlap.
components/SQLPreview/SQLPreview.test.tsx(485,9): error TS2322: Type 'Mock<Promise<unknown>, [], any>' is not assignable to type '(sql: string) => Promise<QueryResult>'.
components/VirtualWorkspace/__tests__/FileCard.test.tsx(343,13): error TS2304: Cannot find name 'waitFor'.
components/VirtualWorkspace/__tests__/FileCard.test.tsx(475,14): error TS2339: Property 'focus' does not exist on type 'Element'.
services/agentic/AgenticOrchestrator.test.ts(10,3): error TS2305: Module '"./index"' has no exported member 'validateDataFiles'.
services/agentic/AgenticOrchestrator.test.ts(11,3): error TS2305: Module '"./index"' has no exported member 'formatExecutionTime'.
services/agentic/AgenticOrchestrator.test.ts(12,3): error TS2305: Module '"./index"' has no exported member 'formatQualityScore'.
services/agentic/AgenticOrchestrator.test.ts(13,3): error TS2305: Module '"./index"' has no exported member 'isTaskSuccessful'.
services/agentic/AgenticOrchestrator.test.ts(14,3): error TS2305: Module '"./index"' has no exported member 'getTaskSummary'.
services/agentic/AgenticOrchestrator.test.ts(15,3): error TS2305: Module '"./index"' has no exported member 'generateTaskReport'.
services/agentic/AgenticOrchestrator.test.ts(16,3): error TS2305: Module '"./index"' has no exported member 'createProgressLogger'.
services/agentic/AgenticOrchestrator.test.ts(17,3): error TS2305: Module '"./index"' has no exported member 'analyzeError'.
services/agentic/AgenticOrchestrator.test.ts(18,3): error TS2305: Module '"./index"' has no exported member 'estimateExecutionTime'.
services/ai/fewShotEngine.test.ts(792,31): error TS2339: Property 'removed' does not exist on type 'Promise<{ removed: number; updated: number; added: number; }>'.
services/documentMappingService.test.ts(253,64): error TS2345: Argument of type '{ content: { type: string; text: string; }[]; }' is not assignable to parameter of type 'never'.
services/documentMappingService.test.ts(289,64): error TS2345: Argument of type '{ content: { type: string; text: string; }[]; }' is not assignable to parameter of type 'never'.
services/documentMappingService.test.ts(299,21): error TS2339: Property 'reasoning' does not exist on type 'MappingScheme'.
services/docxtemplaterService.test.ts(316,21): error TS2339: Property 'valid' does not exist on type 'Promise<ValidationResult>'.
services/docxtemplaterService.test.ts(317,21): error TS2339: Property 'errors' does not exist on type 'Promise<ValidationResult>'.
services/docxtemplaterService.test.ts(318,21): error TS2339: Property 'warnings' does not exist on type 'Promise<ValidationResult>'.
services/docxtemplaterService.test.ts(319,21): error TS2339: Property 'placeholderCount' does not exist on type 'Promise<ValidationResult>'.
services/docxtemplaterService.test.ts(320,54): error TS2339: Property 'complexity' does not exist on type 'Promise<ValidationResult>'.
services/docxtemplaterService.test.ts(327,21): error TS2339: Property 'valid' does not exist on type 'Promise<ValidationResult>'.
services/docxtemplaterService.test.ts(328,21): error TS2339: Property 'errors' does not exist on type 'Promise<ValidationResult>'.
services/docxtemplaterService.test.ts(335,21): error TS2339: Property 'placeholderCount' does not exist on type 'Promise<ValidationResult>'.
services/docxtemplaterService.test.ts(342,54): error TS2339: Property 'complexity' does not exist on type 'Promise<ValidationResult>'.
services/docxtemplaterService.test.ts(352,27): error TS2339: Property 'length' does not exist on type 'Promise<string[]>'.
services/docxtemplaterService.test.ts(358,46): error TS2769: No overload matches this call.
services/docxtemplaterService.test.ts(656,29): error TS2339: Property 'valid' does not exist on type 'Promise<ValidationResult>'.
services/docxtemplaterService.test.ts(660,25): error TS2339: Property 'length' does not exist on type 'Promise<string[]>'.
services/docxtemplaterService.test.ts(663,78): error TS2339: Property 'complexity' does not exist on type 'Promise<ValidationResult>'.
services/infrastructure/__tests__/cacheService.test.ts(6,10): error TS2459: Module '"../../intelligentDocumentService"' declares 'CacheKey' locally, but it is not exported.
services/infrastructure/__tests__/eventBus.test.ts(86,58): error TS2322: Type 'number' is not assignable to type 'void | Promise<void>'.
services/infrastructure/__tests__/eventBus.test.ts(87,58): error TS2322: Type 'number' is not assignable to type 'void | Promise<void>'.
services/infrastructure/__tests__/eventBus.test.ts(88,58): error TS2322: Type 'number' is not assignable to type 'void | Promise<void>'.
services/infrastructure/__tests__/eventBus.test.ts(103,41): error TS2345: Argument of type 'Mock<Promise<number>, [data: any], any>' is not assignable to parameter of type 'EventHandler<any>'.
services/infrastructure/degradation/__tests__/APICircuitBreaker.test.ts(8,34): error TS2307: Cannot find module '../../../types/degradationTypes' or its corresponding type declarations.
services/infrastructure/degradation/__tests__/DegradationManager.test.ts(11,8): error TS2307: Cannot find module '../../../types/degradationTypes' or its corresponding type declarations.
services/infrastructure/degradation/__tests__/DegradationManager.test.ts(511,7): error TS1308: 'await' expressions are only allowed within async functions and at the top levels of modules.
services/infrastructure/degradation/__tests__/DegradationManager.test.ts(635,9): error TS2740: Type '{ memoryWarning: number; }' is missing the following properties from type 'DegradationThresholds': memoryCritical, fileSizeWarning, fileSizeCritical, apiFailureWarning, and 2 more.
services/infrastructure/degradation/__tests__/DegradationNotifier.test.ts(18,8): error TS2307: Cannot find module '../../../types/degradationTypes' or its corresponding type declarations.
services/infrastructure/degradation/__tests__/DegradationNotifier.test.ts(84,37): error TS2339: Property 'mock' does not exist on type 'NotificationCallback'.
services/infrastructure/degradation/__tests__/DegradationNotifier.test.ts(163,30): error TS2339: Property 'mock' does not exist on type 'EventListener'.
services/infrastructure/degradation/__tests__/DegradationNotifier.test.ts(212,30): error TS2339: Property 'mock' does not exist on type 'EventListener'.
services/infrastructure/degradation/__tests__/DegradationNotifier.test.ts(232,37): error TS2339: Property 'mock' does not exist on type 'NotificationCallback'.
services/infrastructure/degradation/__tests__/DegradationNotifier.test.ts(251,37): error TS2339: Property 'mock' does not exist on type 'NotificationCallback'.
services/infrastructure/degradation/__tests__/DegradationNotifier.test.ts(282,30): error TS2339: Property 'mock' does not exist on type 'EventListener'.
services/infrastructure/degradation/__tests__/DegradationNotifier.test.ts(299,37): error TS2339: Property 'mock' does not exist on type 'NotificationCallback'.
services/infrastructure/degradation/__tests__/DegradationNotifier.test.ts(313,37): error TS2339: Property 'mock' does not exist on type 'NotificationCallback'.
services/infrastructure/degradation/__tests__/DegradationNotifier.test.ts(328,37): error TS2339: Property 'mock' does not exist on type 'NotificationCallback'.
services/infrastructure/degradation/__tests__/DegradationNotifier.test.ts(342,37): error TS2339: Property 'mock' does not exist on type 'NotificationCallback'.
services/infrastructure/degradation/__tests__/DegradationNotifier.test.ts(354,37): error TS2339: Property 'mock' does not exist on type 'NotificationCallback'.
services/infrastructure/degradation/__tests__/DegradationNotifier.test.ts(376,30): error TS2339: Property 'mock' does not exist on type 'EventListener'.
services/infrastructure/degradation/__tests__/DegradationNotifier.test.ts(398,37): error TS2339: Property 'mock' does not exist on type 'NotificationCallback'.
services/infrastructure/degradation/__tests__/DegradationNotifier.test.ts(418,37): error TS2339: Property 'mock' does not exist on type 'NotificationCallback'.
services/infrastructure/degradation/__tests__/DegradationNotifier.test.ts(470,30): error TS2339: Property 'mock' does not exist on type 'EventListener'.
services/infrastructure/degradation/__tests__/DegradationNotifier.test.ts(486,37): error TS2339: Property 'mock' does not exist on type 'NotificationCallback'.
services/infrastructure/degradation/__tests__/DegradationNotifier.test.ts(505,30): error TS2339: Property 'mock' does not exist on type 'EventListener'.
services/infrastructure/degradation/__tests__/DegradationNotifier.test.ts(522,37): error TS2339: Property 'mock' does not exist on type 'NotificationCallback'.
services/infrastructure/degradation/__tests__/DegradationNotifier.test.ts(612,9): error TS2345: Argument of type '{ memoryUsage: number; }' is not assignable to parameter of type 'DegradationMetrics'.
services/infrastructure/degradation/__tests__/DegradationNotifier.test.ts(695,37): error TS2339: Property 'mock' does not exist on type 'NotificationCallback'.
services/infrastructure/degradation/__tests__/MemoryMonitor.test.ts(8,34): error TS2307: Cannot find module '../../../types/degradationTypes' or its corresponding type declarations.
services/infrastructure/storage/__tests__/ClientStateManager.test.ts(143,47): error TS2345: Argument of type '{ id: string; status: "running"; progress: { percentage: number; currentPhase: "processing"; message: string; }; metadata: { updatedAt: number; }; }' is not assignable to parameter of type 'ExecutionState'.
services/infrastructure/storage/__tests__/ClientStateManager.test.ts(167,27): error TS2339: Property 'id' does not exist on type 'ExecutionState'.
services/infrastructure/storage/__tests__/ClientStateManager.test.ts(177,15): error TS2339: Property 'getAll' does not exist on type '{ open: Mock<any, any, any>; close: Mock<any, any, any>; put: Mock<any, any, any>; get: Mock<any, any, any>; delete: Mock<any, any, any>; queryByIndex: Mock<...>; count: Mock<...>; getDatabaseSize: Mock<...>; addListener: Mock<...>; }'.
services/infrastructure/storage/__tests__/ClientStateManager.test.ts(208,28): error TS2339: Property 'sessionId' does not exist on type 'ExecutionState'.
services/infrastructure/storage/__tests__/ClientStateManager.test.ts(229,34): error TS2345: Argument of type '{ userId: string; preferences: { theme: "dark"; language: string; }; recentFiles: any[]; lastUpdated: number; }' is not assignable to parameter of type 'UserSettings'.
services/infrastructure/storage/__tests__/ClientStateManager.test.ts(260,21): error TS2551: Property 'updateUserPreferences' does not exist on type 'ClientStateManager'. Did you mean 'updatePreferences'?
services/infrastructure/storage/__tests__/ClientStateManager.test.ts(394,22): error TS2339: Property 'clear' does not exist on type '{ open: Mock<any, any, any>; close: Mock<any, any, any>; put: Mock<any, any, any>; get: Mock<any, any, any>; delete: Mock<any, any, any>; queryByIndex: Mock<...>; count: Mock<...>; getDatabaseSize: Mock<...>; addListener: Mock<...>; }'.
services/infrastructure/storage/__tests__/ClientStateManager.test.ts(409,22): error TS2339: Property 'bulkDelete' does not exist on type '{ open: Mock<any, any, any>; close: Mock<any, any, any>; put: Mock<any, any, any>; get: Mock<any, any, any>; delete: Mock<any, any, any>; queryByIndex: Mock<...>; count: Mock<...>; getDatabaseSize: Mock<...>; addListener: Mock<...>; }'.
services/infrastructure/storage/__tests__/ClientStateManager.test.ts(463,22): error TS2339: Property 'bulkDelete' does not exist on type '{ open: Mock<any, any, any>; close: Mock<any, any, any>; put: Mock<any, any, any>; get: Mock<any, any, any>; delete: Mock<any, any, any>; queryByIndex: Mock<...>; count: Mock<...>; getDatabaseSize: Mock<...>; addListener: Mock<...>; }'.
services/infrastructure/storage/__tests__/ClientStateManager.test.ts(620,9): error TS2741: Property 'createdAt' is missing in type '{ updatedAt: number; }' but required in type '{ createdAt: number; updatedAt: number; completedAt?: number; }'.
services/infrastructure/storage/__tests__/IndexedDBService.test.ts(130,27): error TS2339: Property 'age' does not exist on type 'unknown'.
services/infrastructure/storage/__tests__/IndexedDBService.test.ts(198,31): error TS2339: Property 'name' does not exist on type 'unknown'.
services/infrastructure/storage/__tests__/IndexedDBService.test.ts(199,31): error TS2339: Property 'name' does not exist on type 'unknown'.
services/infrastructure/storage/__tests__/IndexedDBService.test.ts(426,27): error TS2339: Property 'name' does not exist on type 'unknown'.
services/infrastructure/storage/__tests__/IndexedDBService.test.ts(427,27): error TS2339: Property 'emoji' does not exist on type 'unknown'.
services/infrastructure/storage/__tests__/RedisService.test.ts(422,31): error TS2339: Property 'data' does not exist on type 'unknown'.
services/infrastructure/storage/__tests__/StateManager.test.ts(167,58): error TS2345: Argument of type '{ status: "running"; progress: { percentage: number; currentPhase: string; message: string; }; metadata: { updatedAt: number; }; }' is not assignable to parameter of type 'ExecutionState'.
services/infrastructure/storage/__tests__/StateManager.test.ts(185,58): error TS2345: Argument of type '{ status: "completed"; progress: { percentage: number; currentPhase: string; message: string; }; metadata: { updatedAt: number; }; }' is not assignable to parameter of type 'ExecutionState'.
services/infrastructure/storage/__tests__/StateManager.test.ts(201,58): error TS2345: Argument of type '{ status: "running"; progress: { percentage: number; currentPhase: string; message: string; }; metadata: { updatedAt: number; }; }' is not assignable to parameter of type 'ExecutionState'.
services/infrastructure/storage/__tests__/StateManager.test.ts(225,9): error TS2741: Property 'createdAt' is missing in type '{ updatedAt: number; }' but required in type '{ createdAt: number; updatedAt: number; completedAt?: number; }'.
services/infrastructure/storage/__tests__/StateManager.test.ts(231,9): error TS2741: Property 'createdAt' is missing in type '{ updatedAt: number; }' but required in type '{ createdAt: number; updatedAt: number; completedAt?: number; }'.
services/infrastructure/storage/__tests__/StateManager.test.ts(237,9): error TS2741: Property 'createdAt' is missing in type '{ updatedAt: number; }' but required in type '{ createdAt: number; updatedAt: number; completedAt?: number; }'.
services/infrastructure/storage/__tests__/StateManager.test.ts(282,51): error TS2345: Argument of type '{ userId: string; preferences: { theme: "dark"; language: string; }; recentFiles: any[]; }' is not assignable to parameter of type 'UserSettings'.
services/infrastructure/storage/__tests__/StateManager.test.ts(289,27): error TS2339: Property 'lastUpdated' does not exist on type 'UserSettings'.
services/infrastructure/storage/__tests__/StateManager.test.ts(303,51): error TS2345: Argument of type '{ userId: string; preferences: { theme: "light"; language: string; }; recentFiles: any[]; }' is not assignable to parameter of type 'UserSettings'.
services/infrastructure/storage/__tests__/StateManager.test.ts(323,51): error TS2345: Argument of type '{ userId: string; preferences: { theme: "dark"; language: string; }; recentFiles: any[]; }' is not assignable to parameter of type 'UserSettings'.
services/infrastructure/storage/__tests__/StateManager.test.ts(343,51): error TS2345: Argument of type '{ userId: string; preferences: { theme: "dark"; language: string; }; recentFiles: any[]; }' is not assignable to parameter of type 'UserSettings'.
services/infrastructure/storage/__tests__/StateManager.test.ts(364,51): error TS2345: Argument of type '{ userId: string; preferences: { theme: "dark"; language: string; }; recentFiles: any[]; }' is not assignable to parameter of type 'UserSettings'.
services/infrastructure/storage/__tests__/StateManager.test.ts(394,55): error TS2345: Argument of type '{ sessionId: string; timestamp: Date; executionState: { status: "running"; }; userSettings: any; temporaryData: { test: string; }; }' is not assignable to parameter of type 'StateSnapshot'.
services/infrastructure/storage/__tests__/StateManager.test.ts(470,58): error TS2345: Argument of type '{ status: "running"; progress: { percentage: number; currentPhase: string; message: string; }; metadata: { sessionId: string; updatedAt: number; }; }' is not assignable to parameter of type 'ExecutionState'.
services/infrastructure/storage/__tests__/SyncService.test.ts(388,25): error TS2339: Property 'saveTemporaryData' does not exist on type '{ saveProgress: Mock<any, any, any>; getProgress: Mock<any, any, any>; getSessionExecutions: Mock<any, any, any>; }'.
services/infrastructure/storage/__tests__/SyncService.test.ts(393,32): error TS2339: Property 'saveTemporaryData' does not exist on type '{ saveProgress: Mock<any, any, any>; getProgress: Mock<any, any, any>; getSessionExecutions: Mock<any, any, any>; }'.
services/infrastructure/vfs/__tests__/VirtualFileSystem.test.ts(327,54): error TS1117: An object literal cannot have multiple properties with the same name.
services/infrastructure/vfs/utils/__tests__/AccessControl.test.ts(298,22): error TS2339: Property 'toStartWith' does not exist on type 'JestMatchers<string>'.
services/infrastructure/vfs/utils/__tests__/AccessControl.test.ts(330,19): error TS2345: Argument of type '{ name: string; applyTo: string[]; deny: { readRoles: string[]; }; priority: number; enabled: true; }' is not assignable to parameter of type 'Omit<AccessControlRule, "id">'.
services/infrastructure/vfs/utils/__tests__/AccessControl.test.ts(352,19): error TS2345: Argument of type '{ name: string; applyTo: string[]; deny: { readRoles: string[]; }; priority: number; enabled: false; }' is not assignable to parameter of type 'Omit<AccessControlRule, "id">'.
services/infrastructure/vfs/utils/__tests__/AccessControl.test.ts(418,19): error TS2345: Argument of type '{ name: string; applyTo: string[]; deny: { readRoles: string[]; }; priority: number; enabled: true; }' is not assignable to parameter of type 'Omit<AccessControlRule, "id">'.
services/infrastructure/vfs/utils/__tests__/AccessControl.test.ts(451,19): error TS2345: Argument of type '{ name: string; applyTo: string[]; deny: { readRoles: string[]; }; priority: number; enabled: true; }' is not assignable to parameter of type 'Omit<AccessControlRule, "id">'.
services/infrastructure/vfs/utils/__tests__/FileNameValidator.test.ts(18,3): error TS2614: Module '"../FileNameValidator"' has no exported member 'ALLOWED_EXTENSIONS'. Did you mean to use 'import ALLOWED_EXTENSIONS from "../FileNameValidator"' instead?
services/infrastructure/vfs/utils/__tests__/FileNameValidator.test.ts(19,3): error TS2614: Module '"../FileNameValidator"' has no exported member 'MAX_FILENAME_LENGTH'. Did you mean to use 'import MAX_FILENAME_LENGTH from "../FileNameValidator"' instead?
services/integration.end-to-end.test.ts(8,10): error TS2305: Module '"./zhipuService"' has no exported member 'zhipuService'.
services/integration.end-to-end.test.ts(15,9): error TS2739: Type '{ sheets: { Products: { id: number; name: string; price: number; category: string; stock: number; }[]; }; }' is missing the following properties from type 'ExcelData': id, fileName, currentSheetName
services/monitoring/performanceMonitor.test.ts(65,25): error TS2339: Property 'executionTime' does not exist on type 'PerformanceMetric'.
services/quality/aiOutputValidator.test.ts(12,3): error TS2305: Module '"../index"' has no exported member 'AIOutputValidator'.
services/quality/aiOutputValidator.test.ts(13,3): error TS2305: Module '"../index"' has no exported member 'SQLValidator'.
services/quality/aiOutputValidator.test.ts(14,3): error TS2305: Module '"../index"' has no exported member 'ResultValidator'.
services/quality/aiOutputValidator.test.ts(15,3): error TS2305: Module '"../index"' has no exported member 'HallucinationDetector'.
services/quality/aiOutputValidator.test.ts(16,3): error TS2305: Module '"../index"' has no exported member 'FixSuggestionGenerator'.
services/quality/aiOutputValidator.test.ts(17,3): error TS2305: Module '"../index"' has no exported member 'QualityGate'.
services/quality/aiOutputValidator.test.ts(18,3): error TS2305: Module '"../index"' has no exported member 'STRICT_GATE'.
services/quality/aiOutputValidator.test.ts(19,3): error TS2724: '"../index"' has no exported member named 'STANDARD_GATE'. Did you mean 'STANDARD_PATHS'?
services/quality/aiOutputValidator.test.ts(22,3): error TS2305: Module '"../index"' has no exported member 'DatabaseSchema'.
services/quality/aiOutputValidator.test.ts(23,3): error TS2305: Module '"../index"' has no exported member 'AIOutput'.
services/quality/aiOutputValidator.test.ts(24,3): error TS2305: Module '"../index"' has no exported member 'QueryContext'.
services/quality/aiOutputValidator.test.ts(71,3): error TS2353: Object literal may only specify known properties, and 'columns' does not exist in type 'QueryResult'.
services/quality/aiOutputValidator.test.ts(208,13): error TS2739: Type '{ data: { 姓名: string; 销售额: number; }[]; rowCount: number; }' is missing the following properties from type 'QueryResult': sql, executionTime, success
services/quality/aiOutputValidator.test.ts(515,13): error TS2739: Type '{ data: { 销售额: number; }[]; rowCount: number; }' is missing the following properties from type 'QueryResult': sql, executionTime, success
services/quality/aiOutputValidator.test.ts(532,13): error TS2739: Type '{ data: { 值: number; }[]; rowCount: number; }' is missing the following properties from type 'QueryResult': sql, executionTime, success
services/quality/aiOutputValidator.test.ts(549,13): error TS2739: Type '{ data: undefined[]; rowCount: number; }' is missing the following properties from type 'QueryResult': sql, executionTime, success
services/quality/aiOutputValidator.test.ts(566,11): error TS2353: Object literal may only specify known properties, and 'columns' does not exist in type 'QueryResult'.
services/quality/aiOutputValidator.test.ts(573,9): error TS2353: Object literal may only specify known properties, and 'columns' does not exist in type 'QueryResult'.
services/queryEngine/DataQueryEngine.unit.test.ts(33,5): error TS2739: Type '{ sheets: { Products: { id: number; name: string; price: number; category: string; }[]; }; }' is missing the following properties from type 'ExcelData': id, fileName, currentSheetName
services/queryEngine/DataQueryEngine.unit.test.ts(97,13): error TS2739: Type '{ sheets: { NewTable: { id: number; value: string; }[]; }; }' is missing the following properties from type 'ExcelData': id, fileName, currentSheetName
services/queryEngine/DataQueryEngine.unit.test.ts(358,13): error TS2739: Type '{ sheets: {}; }' is missing the following properties from type 'ExcelData': id, fileName, currentSheetName
tests/e2e/agentic-otae-system-fixed.spec.ts(124,9): error TS2304: Cannot find name 'hasSmartText'.
tests/e2e/agentic-otae-system-fixed.spec.ts(124,41): error TS2304: Cannot find name 'hasSmartText'.
tests/performance/component.rendering.test.tsx(116,15): error TS2322: Type '{ workspaceId: string; files: { fileId: string; fileName: string; fileSize: number; fileType: string; uploadTime: number; role: string; }[]; }' is not assignable to type 'IntrinsicAttributes & VirtualFileBrowserProps'.
tests/performance/component.rendering.test.tsx(121,77): error TS2339: Property 'toBeInTheDocument' does not exist on type 'Matchers<void, Element> & SnapshotMatchers<void, Element> & Inverse<JestMatchers<void, Element>> & PromiseMatchers<...>'.
tests/performance/component.rendering.test.tsx(141,15): error TS2322: Type '{ workspaceId: string; files: { fileId: string; fileName: string; fileSize: number; fileType: string; uploadTime: number; role: string; }[]; }' is not assignable to type 'IntrinsicAttributes & VirtualFileBrowserProps'.
tests/performance/component.rendering.test.tsx(146,77): error TS2339: Property 'toBeInTheDocument' does not exist on type 'Matchers<void, Element> & SnapshotMatchers<void, Element> & Inverse<JestMatchers<void, Element>> & PromiseMatchers<...>'.
tests/performance/component.rendering.test.tsx(164,11): error TS2322: Type '{ workspaceId: string; files: { fileId: string; fileName: string; fileSize: number; fileType: string; uploadTime: number; role: string; }[]; }' is not assignable to type 'IntrinsicAttributes & VirtualFileBrowserProps'.
tests/performance/component.rendering.test.tsx(169,73): error TS2339: Property 'toBeInTheDocument' does not exist on type 'Matchers<void, Element> & SnapshotMatchers<void, Element> & Inverse<JestMatchers<void, Element>> & PromiseMatchers<...>'.
tests/performance/component.rendering.test.tsx(174,9): error TS2345: Argument of type '() => void' is not assignable to parameter of type '() => Promise<unknown>'.
tests/performance/component.rendering.test.tsx(178,15): error TS2322: Type '{ workspaceId: string; files: { fileId: string; fileName: string; fileSize: number; fileType: string; uploadTime: number; role: string; }[]; }' is not assignable to type 'IntrinsicAttributes & VirtualFileBrowserProps'.
tests/performance/component.rendering.test.tsx(199,15): error TS2322: Type '{ rootFileId: string; data: { nodes: { id: string; name: string; type: string; }[]; edges: any[]; }; maxDepth: number; }' is not assignable to type 'IntrinsicAttributes & RelationshipGraphProps'.
tests/performance/component.rendering.test.tsx(205,83): error TS2339: Property 'toBeInTheDocument' does not exist on type 'Matchers<void, Element> & SnapshotMatchers<void, Element> & Inverse<JestMatchers<void, Element>> & PromiseMatchers<...>'.
tests/performance/component.rendering.test.tsx(225,15): error TS2322: Type '{ rootFileId: string; data: { nodes: { id: string; name: string; type: string; }[]; edges: any[]; }; maxDepth: number; }' is not assignable to type 'IntrinsicAttributes & RelationshipGraphProps'.
tests/performance/component.rendering.test.tsx(231,83): error TS2339: Property 'toBeInTheDocument' does not exist on type 'Matchers<void, Element> & SnapshotMatchers<void, Element> & Inverse<JestMatchers<void, Element>> & PromiseMatchers<...>'.
tests/performance/component.rendering.test.tsx(246,11): error TS2322: Type '{ rootFileId: string; data: { nodes: { id: string; name: string; type: string; }[]; edges: any[]; }; maxDepth: number; }' is not assignable to type 'IntrinsicAttributes & RelationshipGraphProps'.
tests/performance/component.rendering.test.tsx(252,79): error TS2339: Property 'toBeInTheDocument' does not exist on type 'Matchers<void, Element> & SnapshotMatchers<void, Element> & Inverse<JestMatchers<void, Element>> & PromiseMatchers<...>'.
tests/performance/component.rendering.test.tsx(281,15): error TS2322: Type '{ executionId: string; progress: { executionId: string; stage: string; progress: number; currentStep: string; totalSteps: number; completedSteps: number; logs: { timestamp: number; level: string; message: string; }[]; }; showLogs: true; }' is not assignable to type 'IntrinsicAttributes & ExecutionProgressPanelProps'.
tests/performance/component.rendering.test.tsx(287,83): error TS2339: Property 'toBeInTheDocument' does not exist on type 'Matchers<void, Element> & SnapshotMatchers<void, Element> & Inverse<JestMatchers<void, Element>> & PromiseMatchers<...>'.
tests/performance/component.rendering.test.tsx(305,11): error TS2322: Type '{ executionId: string; progress: { executionId: string; stage: string; progress: number; currentStep: string; totalSteps: number; completedSteps: number; logs: { timestamp: number; level: string; message: string; }[]; }; showLogs: true; }' is not assignable to type 'IntrinsicAttributes & ExecutionProgressPanelProps'.
tests/performance/component.rendering.test.tsx(311,79): error TS2339: Property 'toBeInTheDocument' does not exist on type 'Matchers<void, Element> & SnapshotMatchers<void, Element> & Inverse<JestMatchers<void, Element>> & PromiseMatchers<...>'.
tests/performance/component.rendering.test.tsx(316,9): error TS2345: Argument of type '() => void' is not assignable to parameter of type '() => Promise<unknown>'.
tests/performance/component.rendering.test.tsx(320,15): error TS2322: Type '{ executionId: string; progress: { progress: number; currentStep: string; executionId: string; stage: string; totalSteps: number; completedSteps: number; logs: { timestamp: number; level: string; message: string; }[]; }; showLogs: true; }' is not assignable to type 'IntrinsicAttributes & ExecutionProgressPanelProps'.
tests/performance/component.rendering.test.tsx(344,11): error TS2322: Type '{ executionId: string; progress: { executionId: string; stage: string; progress: number; currentStep: string; totalSteps: number; completedSteps: number; logs: { timestamp: number; level: string; message: string; }[]; }; showLogs: true; }' is not assignable to type 'IntrinsicAttributes & ExecutionProgressPanelProps'.
tests/performance/component.rendering.test.tsx(350,79): error TS2339: Property 'toBeInTheDocument' does not exist on type 'Matchers<void, Element> & SnapshotMatchers<void, Element> & Inverse<JestMatchers<void, Element>> & PromiseMatchers<...>'.
tests/performance/component.rendering.test.tsx(355,9): error TS2345: Argument of type '() => void' is not assignable to parameter of type '() => Promise<unknown>'.
tests/performance/component.rendering.test.tsx(359,15): error TS2322: Type '{ executionId: string; progress: { logs: { timestamp: number; level: string; message: string; }[]; executionId: string; stage: string; progress: number; currentStep: string; totalSteps: number; completedSteps: number; }; showLogs: true; }' is not assignable to type 'IntrinsicAttributes & ExecutionProgressPanelProps'.
tests/performance/component.rendering.test.tsx(378,11): error TS2322: Type '{ workspaceId: string; files: { fileId: string; fileName: string; fileSize: number; fileType: string; uploadTime: number; role: string; }[]; }' is not assignable to type 'IntrinsicAttributes & VirtualFileBrowserProps'.
tests/performance/component.rendering.test.tsx(383,73): error TS2339: Property 'toBeInTheDocument' does not exist on type 'Matchers<void, Element> & SnapshotMatchers<void, Element> & Inverse<JestMatchers<void, Element>> & PromiseMatchers<...>'.
tests/performance/component.rendering.test.tsx(406,11): error TS2322: Type '{ workspaceId: string; files: { fileId: string; fileName: string; fileSize: number; fileType: string; uploadTime: number; role: string; }[]; }' is not assignable to type 'IntrinsicAttributes & VirtualFileBrowserProps'.
tests/performance/component.rendering.test.tsx(411,73): error TS2339: Property 'toBeInTheDocument' does not exist on type 'Matchers<void, Element> & SnapshotMatchers<void, Element> & Inverse<JestMatchers<void, Element>> & PromiseMatchers<...>'.
tests/performance/component.rendering.test.tsx(440,13): error TS2322: Type '{ workspaceId: string; files: { fileId: string; fileName: string; fileSize: number; fileType: string; uploadTime: number; role: string; }[]; }' is not assignable to type 'IntrinsicAttributes & VirtualFileBrowserProps'.
tests/performance/component.rendering.test.tsx(445,75): error TS2339: Property 'toBeInTheDocument' does not exist on type 'Matchers<void, Element> & SnapshotMatchers<void, Element> & Inverse<JestMatchers<void, Element>> & PromiseMatchers<...>'.
tests/performance/component.rendering.test.tsx(479,17): error TS2322: Type '{ workspaceId: string; files: { fileId: string; fileName: string; fileSize: number; fileType: string; uploadTime: number; role: string; }[]; }' is not assignable to type 'IntrinsicAttributes & VirtualFileBrowserProps'.
tests/performance/component.rendering.test.tsx(483,17): error TS2322: Type '{ rootFileId: string; data: { nodes: { id: string; name: string; type: string; }[]; edges: any[]; }; maxDepth: number; }' is not assignable to type 'IntrinsicAttributes & RelationshipGraphProps'.
tests/performance/component.rendering.test.tsx(488,17): error TS2322: Type '{ executionId: string; progress: { executionId: string; stage: string; progress: number; currentStep: string; totalSteps: number; completedSteps: number; logs: { timestamp: number; level: string; message: string; }[]; }; showLogs: true; }' is not assignable to type 'IntrinsicAttributes & ExecutionProgressPanelProps'.
tests/performance/component.rendering.test.tsx(495,77): error TS2339: Property 'toBeInTheDocument' does not exist on type 'Matchers<void, Element> & SnapshotMatchers<void, Element> & Inverse<JestMatchers<void, Element>> & PromiseMatchers<...>'.
tests/performance/component.rendering.test.tsx(496,83): error TS2339: Property 'toBeInTheDocument' does not exist on type 'Matchers<void, Element> & SnapshotMatchers<void, Element> & Inverse<JestMatchers<void, Element>> & PromiseMatchers<...>'.
tests/performance/component.rendering.test.tsx(497,83): error TS2339: Property 'toBeInTheDocument' does not exist on type 'Matchers<void, Element> & SnapshotMatchers<void, Element> & Inverse<JestMatchers<void, Element>> & PromiseMatchers<...>'.
tests/performance/degradation.strategy.test.ts(59,21): error TS2341: Property 'checkDegradation' is private and only accessible within class 'DegradationManager'.
tests/performance/degradation.strategy.test.ts(64,25): error TS2341: Property 'checkDegradation' is private and only accessible within class 'DegradationManager'.
tests/performance/degradation.strategy.test.ts(86,27): error TS2341: Property 'checkDegradation' is private and only accessible within class 'DegradationManager'.
tests/performance/degradation.strategy.test.ts(115,23): error TS2341: Property 'checkDegradation' is private and only accessible within class 'DegradationManager'.
tests/performance/degradation.strategy.test.ts(143,25): error TS2341: Property 'checkDegradation' is private and only accessible within class 'DegradationManager'.
tests/performance/degradation.strategy.test.ts(175,25): error TS2341: Property 'checkDegradation' is private and only accessible within class 'DegradationManager'.
tests/performance/degradation.strategy.test.ts(201,25): error TS2551: Property 'evaluateDegradation' does not exist on type 'DegradationManager'. Did you mean 'executeDegradation'?
tests/performance/degradation.strategy.test.ts(218,25): error TS2339: Property 'getSystemMetrics' does not exist on type 'DegradationManager'.
tests/performance/degradation.strategy.test.ts(242,43): error TS2339: Property 'getMetric' does not exist on type 'DegradationManager'.
tests/performance/degradation.strategy.test.ts(263,27): error TS2339: Property 'setStrategy' does not exist on type 'DegradationManager'.
tests/performance/degradation.strategy.test.ts(282,25): error TS2339: Property 'restoreState' does not exist on type 'DegradationManager'.
tests/performance/degradation.strategy.test.ts(296,15): error TS2339: Property 'on' does not exist on type 'DegradationManager'.
tests/performance/degradation.strategy.test.ts(303,25): error TS2341: Property 'checkDegradation' is private and only accessible within class 'DegradationManager'.
tests/performance/degradation.strategy.test.ts(325,23): error TS2341: Property 'checkDegradation' is private and only accessible within class 'DegradationManager'.
tests/performance/state.storage.test.ts(40,49): error TS2554: Expected 0-1 arguments, but got 2.
tests/performance/state.storage.test.ts(56,24): error TS2339: Property 'close' does not exist on type 'StateManager'.
tests/performance/state.storage.test.ts(57,30): error TS2339: Property 'close' does not exist on type 'ClientStateManager'.
tests/performance/state.storage.test.ts(67,13): error TS2322: Type 'number' is not assignable to type '{ percentage: number; currentPhase: string; message: string; }'.
tests/performance/state.storage.test.ts(84,9): error TS2322: Type 'number' is not assignable to type '{ percentage: number; currentPhase: string; message: string; }'.
tests/performance/state.storage.test.ts(107,13): error TS2322: Type 'number' is not assignable to type '{ percentage: number; currentPhase: string; message: string; }'.
tests/performance/state.storage.test.ts(127,15): error TS2353: Object literal may only specify known properties, and 'stage' does not exist in type 'ExecutionState'.
tests/performance/state.storage.test.ts(153,13): error TS2322: Type 'number' is not assignable to type '{ percentage: number; currentPhase: string; message: string; }'.
tests/performance/state.storage.test.ts(169,9): error TS2322: Type 'number' is not assignable to type '{ percentage: number; currentPhase: string; message: string; }'.
tests/performance/state.storage.test.ts(192,13): error TS2322: Type 'number' is not assignable to type '{ percentage: number; currentPhase: string; message: string; }'.
tests/performance/state.storage.test.ts(215,53): error TS2345: Argument of type '{ stage: string; progress: number; timestamp: number; }' is not assignable to parameter of type 'ExecutionState'.
tests/performance/state.storage.test.ts(221,29): error TS2339: Property 'syncToIndexedDB' does not exist on type 'SyncService'.
tests/performance/state.storage.test.ts(237,53): error TS2345: Argument of type '{ stage: string; progress: number; }' is not assignable to parameter of type 'ExecutionState'.
tests/performance/state.storage.test.ts(243,29): error TS2339: Property 'syncFromIndexedDB' does not exist on type 'SyncService'.
tests/performance/state.storage.test.ts(278,51): error TS2345: Argument of type '{ stage: string; progress: number; }' is not assignable to parameter of type 'ExecutionState'.
tests/performance/state.storage.test.ts(284,30): error TS2339: Property 'queryExecutionsByStatus' does not exist on type 'StateManager'.
tests/performance/state.storage.test.ts(299,30): error TS2339: Property 'queryExecutionsByTimeRange' does not exist on type 'StateManager'.
tests/performance/state.storage.test.ts(322,84): error TS2353: Object literal may only specify known properties, and 'index' does not exist in type 'ExecutionState'.
tests/performance/state.storage.test.ts(357,78): error TS2345: Argument of type '{ stage: string; progress: number; data: { id: number; name: string; value: number; timestamp: number; }[]; }' is not assignable to parameter of type 'ExecutionState'.
tests/performance/state.storage.test.ts(371,30): error TS2339: Property 'queryAllExecutions' does not exist on type 'StateManager'.
tests/performance/state.storage.test.ts(386,55): error TS2353: Object literal may only specify known properties, and 'stage' does not exist in type 'ExecutionState'.
tests/performance/vfs.operations.test.ts(11,10): error TS2614: Module '"../../services/infrastructure/vfs/VirtualFileSystem"' has no exported member 'getVirtualWorkspaceManager'. Did you mean to use 'import getVirtualWorkspaceManager from "../../services/infrastructure/vfs/VirtualFileSystem"' instead?
tests/performance/vfs.operations.test.ts(12,10): error TS2614: Module '"../../services/infrastructure/vfs/FileMetadataService"' has no exported member 'FileRole'. Did you mean to use 'import FileRole from "../../services/infrastructure/vfs/FileMetadataService"' instead?
tests/security/input-validation.test.ts(95,25): error TS2339: Property 'endsWith' does not exist on type 'Matchers<void, string> & SnapshotMatchers<void, string> & Inverse<JestMatchers<void, string>> & PromiseMatchers<string>'.
tests/storage/storage-integration.test.ts(180,30): error TS2339: Property 'data' does not exist on type 'unknown'.
