node.exe : ts-jest[config] (WARN) 
所在位置 行:1 字符: 1
+ & "D:\nvm4w\nodejs/node.exe" "D:\nvm4w\nodejs
/node_modules/npm/bin/np ...
+ ~~~~~~~~~~~~~~~~~~~~~~~~~~~~~~~~~~~~~~~~~~~~~
~~~~~~~~~~~~~~~~~~~~~~~~
    + CategoryInfo          : NotSpecified: (t 
   s-jest[config] (WARN) :String) [], RemoteE  
  xception
    + FullyQualifiedErrorId : NativeCommandErr 
   or
 
    The "ts-jest" config option "isolatedModule
s" is deprecated and will be removed in v30.0.0
. Please use "isolatedModules: true" in D:/家庭/青
聪赋能/excelmind-ai/tsconfig.json instead, see htt
ps://www.typescriptlang.org/tsconfig/#isolatedM
odules
  
  console.log
    🧪 测试环境初始化完成

      at Object.<anonymous> (tests/setup.ts:98:11)

  console.log
    ✅ 所有测试执行完毕

      at Object.<anonymous> (tests/setup.ts:102:11)

FAIL tests/docxtemplaterDryRun.test.ts
  DocxtemplaterService Dry Run
    × should return empty blob in dry run mode 
when data is valid (8 ms)
    × should throw error in dry run mode when d
ata is invalid (e.g. render error) (2 ms)
    × should return full blob when dry run is f
alse (2 ms)

  ● DocxtemplaterService Dry Run › should retur
n empty blob in dry run mode when data is valid

    ReferenceError: DocxGenerationError is not 
defined

    [0m [90m 163 |[39m   } [36mcatch[39m (
error) {
     [90m 164 |[39m     [90m// 如果已经是DocxGene
rationError，直接抛出[39m
    [31m[1m>[22m[39m[90m 165 |[39m     [
36mif[39m (error [36minstanceof[39m [33mDoc
xGenerationError[39m) {
     [90m     |[39m                          
[31m[1m^[22m[39m
     [90m 166 |[39m       [36mthrow[39m err
or[33m;[39m
     [90m 167 |[39m     }
     [90m 168 |[39m[0m

      at generateWithDocxtemplater (services/do
cxtemplaterService.ts:165:26)
      at Object.<anonymous> (tests/docxtemplate
rDryRun.test.ts:30:53)

  ● DocxtemplaterService Dry Run › should throw
 error in dry run mode when data is invalid (e.
g. render error)

    ReferenceError: DocxGenerationError is not 
defined

    [0m [90m 163 |[39m   } [36mcatch[39m (
error) {
     [90m 164 |[39m     [90m// 如果已经是DocxGene
rationError，直接抛出[39m
    [31m[1m>[22m[39m[90m 165 |[39m     [
36mif[39m (error [36minstanceof[39m [33mDoc
xGenerationError[39m) {
     [90m     |[39m                          
[31m[1m^[22m[39m
     [90m 166 |[39m       [36mthrow[39m err
or[33m;[39m
     [90m 167 |[39m     }
     [90m 168 |[39m[0m

      at generateWithDocxtemplater (services/do
cxtemplaterService.ts:165:26)
      at Object.<anonymous> (tests/docxtemplate
rDryRun.test.ts:47:53)

  ● DocxtemplaterService Dry Run › should retur
n full blob when dry run is false

    ReferenceError: DocxGenerationError is not 
defined

    [0m [90m 163 |[39m   } [36mcatch[39m (
error) {
     [90m 164 |[39m     [90m// 如果已经是DocxGene
rationError，直接抛出[39m
    [31m[1m>[22m[39m[90m 165 |[39m     [
36mif[39m (error [36minstanceof[39m [33mDoc
xGenerationError[39m) {
     [90m     |[39m                          
[31m[1m^[22m[39m
     [90m 166 |[39m       [36mthrow[39m err
or[33m;[39m
     [90m 167 |[39m     }
     [90m 168 |[39m[0m

      at generateWithDocxtemplater (services/do
cxtemplaterService.ts:165:26)
      at Object.<anonymous> (tests/docxtemplate
rDryRun.test.ts:56:53)

Test Suites: 1 failed, 1 total
Tests:       3 failed, 3 total
Snapshots:   0 total
Time:        0.753 s, estimated 1 s
Ran all test suites matching /tests\\docxtempla
terDryRun.test.ts/i.
